Godot Engine v4.5.2.stable.official.6ce3de25a - https://godotengine.org

ERROR: Failed to read the root certificate store.
   at: get_system_ca_certificates (platform/windows/os_windows.cpp:2558)
[   0% ] [90m[1mfirst_scan_filesystem[22m | Started 项目初始化 (5 steps)[39m[0m
[   0% ] [90m[1mfirst_scan_filesystem[22m | 正在扫描文件结构……[39m[0m
[  16% ] [90m[1mfirst_scan_filesystem[22m | 正在加载全局类名……[39m[0m
[  33% ] [90m[1mfirst_scan_filesystem[22m | 正在校验 GDExtension……[39m[0m
[  50% ] [90m[1mfirst_scan_filesystem[22m | 正在创建自动加载脚本……[39m[0m
[  66% ] [90m[1mfirst_scan_filesystem[22m | 正在初始化插件……[39m[0m
[  83% ] [90m[1mfirst_scan_filesystem[22m | 正在启动文件扫描……[39m[0m
[92m[ DONE ][39m [1mfirst_scan_filesystem[22m
[0m
[   0% ] [90m[1mupdate_scripts_classes[22m | Started 正在注册全局类…… (13 steps)[39m[0m
[   0% ] [90m[1mupdate_scripts_classes[22m | [39m[0m
[   7% ] [90m[1mupdate_scripts_classes[22m | [39m[0m
[  14% ] [90m[1mupdate_scripts_classes[22m | [39m[0m
[  21% ] [90m[1mupdate_scripts_classes[22m | [39m[0m
[  28% ] [90m[1mupdate_scripts_classes[22m | [39m[0m
[  35% ] [90m[1mupdate_scripts_classes[22m | [39m[0m
[  42% ] [90m[1mupdate_scripts_classes[22m | [39m[0m
[  50% ] [90m[1mupdate_scripts_classes[22m | [39m[0m
[  57% ] [90m[1mupdate_scripts_classes[22m | [39m[0m
[  64% ] [90m[1mupdate_scripts_classes[22m | [39m[0m
[  71% ] [90m[1mupdate_scripts_classes[22m | [39m[0m
[  78% ] [90m[1mupdate_scripts_classes[22m | [39m[0m
[  85% ] [90m[1mupdate_scripts_classes[22m | [39m[0m
[92m[ DONE ][39m [1mupdate_scripts_classes[22m
[0m
[   0% ] [90m[1m_update_scan_actions[22m | Started 正在扫描动作…… (191 steps)[39m[0m
[   0% ] [90m[1m_update_scan_actions[22m | background.png[39m[0m
[   0% ] [90m[1m_update_scan_actions[22m | brush.png[39m[0m
[   1% ] [90m[1m_update_scan_actions[22m | frame.png[39m[0m
[   1% ] [90m[1m_update_scan_actions[22m | ink.png[39m[0m
[   2% ] [90m[1m_update_scan_actions[22m | panel.png[39m[0m
[   2% ] [90m[1m_update_scan_actions[22m | paper.png[39m[0m
[   3% ] [90m[1m_update_scan_actions[22m | title.png[39m[0m
[   3% ] [90m[1m_update_scan_actions[22m | archway_craftsman_beat_01.wav[39m[0m
[   4% ] [90m[1m_update_scan_actions[22m | archway_craftsman_beat_02.wav[39m[0m
[   4% ] [90m[1m_update_scan_actions[22m | archway_craftsman_beat_03.wav[39m[0m
[   5% ] [90m[1m_update_scan_actions[22m | archway_craftsman_before_battle.wav[39m[0m
[   5% ] [90m[1m_update_scan_actions[22m | archway_craftsman_clue_01.wav[39m[0m
[   6% ] [90m[1m_update_scan_actions[22m | archway_craftsman_clue_02.wav[39m[0m
[   6% ] [90m[1m_update_scan_actions[22m | archway_craftsman_clue_03.wav[39m[0m
[   7% ] [90m[1m_update_scan_actions[22m | archway_craftsman_dialogue_01.wav[39m[0m
[   7% ] [90m[1m_update_scan_actions[22m | archway_craftsman_dialogue_02.wav[39m[0m
[   8% ] [90m[1m_update_scan_actions[22m | archway_craftsman_dialogue_03.wav[39m[0m
[   8% ] [90m[1m_update_scan_actions[22m | archway_craftsman_dialogue_04.wav[39m[0m
[   9% ] [90m[1m_update_scan_actions[22m | archway_craftsman_dialogue_05.wav[39m[0m
[   9% ] [90m[1m_update_scan_actions[22m | archway_craftsman_dialogue_06.wav[39m[0m
[  10% ] [90m[1m_update_scan_actions[22m | archway_craftsman_forget.wav[39m[0m
[  10% ] [90m[1m_update_scan_actions[22m | archway_craftsman_keep.wav[39m[0m
[  11% ] [90m[1m_update_scan_actions[22m | archway_craftsman_outro.wav[39m[0m
[  11% ] [90m[1m_update_scan_actions[22m | archway_form_beat_01.wav[39m[0m
[  12% ] [90m[1m_update_scan_actions[22m | archway_form_beat_02.wav[39m[0m
[  13% ] [90m[1m_update_scan_actions[22m | archway_form_beat_03.wav[39m[0m
[  13% ] [90m[1m_update_scan_actions[22m | archway_form_before_battle.wav[39m[0m
[  14% ] [90m[1m_update_scan_actions[22m | archway_form_clue_01.wav[39m[0m
[  14% ] [90m[1m_update_scan_actions[22m | archway_form_clue_02.wav[39m[0m
[  15% ] [90m[1m_update_scan_actions[22m | archway_form_clue_03.wav[39m[0m
[  15% ] [90m[1m_update_scan_actions[22m | archway_form_dialogue_01.wav[39m[0m
[  16% ] [90m[1m_update_scan_actions[22m | archway_form_dialogue_02.wav[39m[0m
[  16% ] [90m[1m_update_scan_actions[22m | archway_form_dialogue_03.wav[39m[0m
[  17% ] [90m[1m_update_scan_actions[22m | archway_form_dialogue_04.wav[39m[0m
[  17% ] [90m[1m_update_scan_actions[22m | archway_form_dialogue_05.wav[39m[0m
[  18% ] [90m[1m_update_scan_actions[22m | archway_form_dialogue_06.wav[39m[0m
[  18% ] [90m[1m_update_scan_actions[22m | archway_form_forget.wav[39m[0m
[  19% ] [90m[1m_update_scan_actions[22m | archway_form_keep.wav[39m[0m
[  19% ] [90m[1m_update_scan_actions[22m | archway_form_outro.wav[39m[0m
[  20% ] [90m[1m_update_scan_actions[22m | failure_first_battle_requirements_not_met.wav[39m[0m
[  20% ] [90m[1m_update_scan_actions[22m | failure_first_erosion_limit.wav[39m[0m
[  21% ] [90m[1m_update_scan_actions[22m | failure_first_puzzle_attempt_limit.wav[39m[0m
[  21% ] [90m[1m_update_scan_actions[22m | failure_first_session_expired.wav[39m[0m
[  22% ] [90m[1m_update_scan_actions[22m | failure_line_01.wav[39m[0m
[  22% ] [90m[1m_update_scan_actions[22m | failure_line_02.wav[39m[0m
[  23% ] [90m[1m_update_scan_actions[22m | failure_line_03.wav[39m[0m
[  23% ] [90m[1m_update_scan_actions[22m | failure_line_04.wav[39m[0m
[  24% ] [90m[1m_update_scan_actions[22m | failure_line_05.wav[39m[0m
[  25% ] [90m[1m_update_scan_actions[22m | failure_line_06.wav[39m[0m
[  25% ] [90m[1m_update_scan_actions[22m | failure_line_07.wav[39m[0m
[  26% ] [90m[1m_update_scan_actions[22m | failure_line_09.wav[39m[0m
[  26% ] [90m[1m_update_scan_actions[22m | fang_jiang_hun.wav[39m[0m
[  27% ] [90m[1m_update_scan_actions[22m | fang_wu_ming.wav[39m[0m
[  27% ] [90m[1m_update_scan_actions[22m | opera_master_beat_01.wav[39m[0m
[  28% ] [90m[1m_update_scan_actions[22m | opera_master_beat_02.wav[39m[0m
[  28% ] [90m[1m_update_scan_actions[22m | opera_master_beat_03.wav[39m[0m
[  29% ] [90m[1m_update_scan_actions[22m | opera_master_before_battle.wav[39m[0m
[  29% ] [90m[1m_update_scan_actions[22m | opera_master_clue_01.wav[39m[0m
[  30% ] [90m[1m_update_scan_actions[22m | opera_master_clue_02.wav[39m[0m
[  30% ] [90m[1m_update_scan_actions[22m | opera_master_clue_03.wav[39m[0m
[  31% ] [90m[1m_update_scan_actions[22m | opera_master_dialogue_01.wav[39m[0m
[  31% ] [90m[1m_update_scan_actions[22m | opera_master_dialogue_02.wav[39m[0m
[  32% ] [90m[1m_update_scan_actions[22m | opera_master_dialogue_03.wav[39m[0m
[  32% ] [90m[1m_update_scan_actions[22m | opera_master_dialogue_04.wav[39m[0m
[  33% ] [90m[1m_update_scan_actions[22m | opera_master_dialogue_05.wav[39m[0m
[  33% ] [90m[1m_update_scan_actions[22m | opera_master_dialogue_06.wav[39m[0m
[  34% ] [90m[1m_update_scan_actions[22m | opera_master_first_clear.wav[39m[0m
[  34% ] [90m[1m_update_scan_actions[22m | opera_master_forget.wav[39m[0m
[  35% ] [90m[1m_update_scan_actions[22m | opera_master_keep.wav[39m[0m
[  35% ] [90m[1m_update_scan_actions[22m | opera_master_outro.wav[39m[0m
[  36% ] [90m[1m_update_scan_actions[22m | opera_opening_beat_01.wav[39m[0m
[  36% ] [90m[1m_update_scan_actions[22m | opera_opening_beat_02.wav[39m[0m
[  37% ] [90m[1m_update_scan_actions[22m | opera_opening_beat_03.wav[39m[0m
[  38% ] [90m[1m_update_scan_actions[22m | opera_opening_before_battle.wav[39m[0m
[  38% ] [90m[1m_update_scan_actions[22m | opera_opening_clue_01.wav[39m[0m
[  39% ] [90m[1m_update_scan_actions[22m | opera_opening_clue_02.wav[39m[0m
[  39% ] [90m[1m_update_scan_actions[22m | opera_opening_clue_03.wav[39m[0m
[  40% ] [90m[1m_update_scan_actions[22m | opera_opening_dialogue_01.wav[39m[0m
[  40% ] [90m[1m_update_scan_actions[22m | opera_opening_dialogue_02.wav[39m[0m
[  41% ] [90m[1m_update_scan_actions[22m | opera_opening_dialogue_03.wav[39m[0m
[  41% ] [90m[1m_update_scan_actions[22m | opera_opening_dialogue_04.wav[39m[0m
[  42% ] [90m[1m_update_scan_actions[22m | opera_opening_dialogue_05.wav[39m[0m
[  42% ] [90m[1m_update_scan_actions[22m | opera_opening_dialogue_06.wav[39m[0m
[  43% ] [90m[1m_update_scan_actions[22m | opera_opening_first_clear.wav[39m[0m
[  43% ] [90m[1m_update_scan_actions[22m | opera_opening_forget.wav[39m[0m
[  44% ] [90m[1m_update_scan_actions[22m | opera_opening_keep.wav[39m[0m
[  44% ] [90m[1m_update_scan_actions[22m | opera_opening_outro.wav[39m[0m
[  45% ] [90m[1m_update_scan_actions[22m | prologue_bridge_beat_01.wav[39m[0m
[  45% ] [90m[1m_update_scan_actions[22m | prologue_bridge_beat_02.wav[39m[0m
[  46% ] [90m[1m_update_scan_actions[22m | prologue_bridge_beat_03.wav[39m[0m
[  46% ] [90m[1m_update_scan_actions[22m | prologue_bridge_before_battle.wav[39m[0m
[  47% ] [90m[1m_update_scan_actions[22m | prologue_bridge_clue_01.wav[39m[0m
[  47% ] [90m[1m_update_scan_actions[22m | prologue_bridge_clue_02.wav[39m[0m
[  48% ] [90m[1m_update_scan_actions[22m | prologue_bridge_clue_03.wav[39m[0m
[  48% ] [90m[1m_update_scan_actions[22m | prologue_bridge_dialogue_01.wav[39m[0m
[  49% ] [90m[1m_update_scan_actions[22m | prologue_bridge_dialogue_02.wav[39m[0m
[  50% ] [90m[1m_update_scan_actions[22m | prologue_bridge_dialogue_03.wav[39m[0m
[  50% ] [90m[1m_update_scan_actions[22m | prologue_bridge_dialogue_04.wav[39m[0m
[  51% ] [90m[1m_update_scan_actions[22m | prologue_bridge_dialogue_05.wav[39m[0m
[  51% ] [90m[1m_update_scan_actions[22m | prologue_bridge_dialogue_06.wav[39m[0m
[  52% ] [90m[1m_update_scan_actions[22m | prologue_bridge_forget.wav[39m[0m
[  52% ] [90m[1m_update_scan_actions[22m | prologue_bridge_keep.wav[39m[0m
[  53% ] [90m[1m_update_scan_actions[22m | prologue_bridge_outro.wav[39m[0m
[  53% ] [90m[1m_update_scan_actions[22m | she_cheng_xiang.wav[39m[0m
[  54% ] [90m[1m_update_scan_actions[22m | she_hui_chun.wav[39m[0m
[  54% ] [90m[1m_update_scan_actions[22m | she_ning_an.wav[39m[0m
[  55% ] [90m[1m_update_scan_actions[22m | temple_drum_beat_01.wav[39m[0m
[  55% ] [90m[1m_update_scan_actions[22m | temple_drum_beat_02.wav[39m[0m
[  56% ] [90m[1m_update_scan_actions[22m | temple_drum_beat_03.wav[39m[0m
[  56% ] [90m[1m_update_scan_actions[22m | temple_drum_before_battle.wav[39m[0m
[  57% ] [90m[1m_update_scan_actions[22m | temple_drum_chapter_outro.wav[39m[0m
[  57% ] [90m[1m_update_scan_actions[22m | temple_drum_clue_01.wav[39m[0m
[  58% ] [90m[1m_update_scan_actions[22m | temple_drum_clue_02.wav[39m[0m
[  58% ] [90m[1m_update_scan_actions[22m | temple_drum_clue_03.wav[39m[0m
[  59% ] [90m[1m_update_scan_actions[22m | temple_drum_dialogue_01.wav[39m[0m
[  59% ] [90m[1m_update_scan_actions[22m | temple_drum_dialogue_02.wav[39m[0m
[  60% ] [90m[1m_update_scan_actions[22m | temple_drum_dialogue_03.wav[39m[0m
[  60% ] [90m[1m_update_scan_actions[22m | temple_drum_dialogue_04.wav[39m[0m
[  61% ] [90m[1m_update_scan_actions[22m | temple_drum_dialogue_05.wav[39m[0m
[  61% ] [90m[1m_update_scan_actions[22m | temple_drum_dialogue_06.wav[39m[0m
[  62% ] [90m[1m_update_scan_actions[22m | temple_drum_forget.wav[39m[0m
[  63% ] [90m[1m_update_scan_actions[22m | temple_drum_keep.wav[39m[0m
[  63% ] [90m[1m_update_scan_actions[22m | temple_drum_outro.wav[39m[0m
[  64% ] [90m[1m_update_scan_actions[22m | temple_guest_beat_01.wav[39m[0m
[  64% ] [90m[1m_update_scan_actions[22m | temple_guest_beat_02.wav[39m[0m
[  65% ] [90m[1m_update_scan_actions[22m | temple_guest_beat_03.wav[39m[0m
[  65% ] [90m[1m_update_scan_actions[22m | temple_guest_before_battle.wav[39m[0m
[  66% ] [90m[1m_update_scan_actions[22m | temple_guest_clue_01.wav[39m[0m
[  66% ] [90m[1m_update_scan_actions[22m | temple_guest_clue_02.wav[39m[0m
[  67% ] [90m[1m_update_scan_actions[22m | temple_guest_clue_03.wav[39m[0m
[  67% ] [90m[1m_update_scan_actions[22m | temple_guest_dialogue_01.wav[39m[0m
[  68% ] [90m[1m_update_scan_actions[22m | temple_guest_dialogue_02.wav[39m[0m
[  68% ] [90m[1m_update_scan_actions[22m | temple_guest_dialogue_03.wav[39m[0m
[  69% ] [90m[1m_update_scan_actions[22m | temple_guest_dialogue_04.wav[39m[0m
[  69% ] [90m[1m_update_scan_actions[22m | temple_guest_dialogue_05.wav[39m[0m
[  70% ] [90m[1m_update_scan_actions[22m | temple_guest_dialogue_06.wav[39m[0m
[  70% ] [90m[1m_update_scan_actions[22m | temple_guest_forget.wav[39m[0m
[  71% ] [90m[1m_update_scan_actions[22m | temple_guest_keep.wav[39m[0m
[  71% ] [90m[1m_update_scan_actions[22m | temple_guest_outro.wav[39m[0m
[  72% ] [90m[1m_update_scan_actions[22m | temple_incense_beat_01.wav[39m[0m
[  72% ] [90m[1m_update_scan_actions[22m | temple_incense_beat_02.wav[39m[0m
[  73% ] [90m[1m_update_scan_actions[22m | temple_incense_beat_03.wav[39m[0m
[  73% ] [90m[1m_update_scan_actions[22m | temple_incense_before_battle.wav[39m[0m
[  74% ] [90m[1m_update_scan_actions[22m | temple_incense_clue_01.wav[39m[0m
[  75% ] [90m[1m_update_scan_actions[22m | temple_incense_clue_02.wav[39m[0m
[  75% ] [90m[1m_update_scan_actions[22m | temple_incense_clue_03.wav[39m[0m
[  76% ] [90m[1m_update_scan_actions[22m | temple_incense_dialogue_01.wav[39m[0m
[  76% ] [90m[1m_update_scan_actions[22m | temple_incense_dialogue_02.wav[39m[0m
[  77% ] [90m[1m_update_scan_actions[22m | temple_incense_dialogue_03.wav[39m[0m
[  77% ] [90m[1m_update_scan_actions[22m | temple_incense_dialogue_04.wav[39m[0m
[  78% ] [90m[1m_update_scan_actions[22m | temple_incense_dialogue_05.wav[39m[0m
[  78% ] [90m[1m_update_scan_actions[22m | temple_incense_dialogue_06.wav[39m[0m
[  79% ] [90m[1m_update_scan_actions[22m | temple_incense_forget.wav[39m[0m
[  79% ] [90m[1m_update_scan_actions[22m | temple_incense_keep.wav[39m[0m
[  80% ] [90m[1m_update_scan_actions[22m | temple_incense_outro.wav[39m[0m
[  80% ] [90m[1m_update_scan_actions[22m | tower_ascent_beat_01.wav[39m[0m
[  81% ] [90m[1m_update_scan_actions[22m | tower_ascent_beat_02.wav[39m[0m
[  81% ] [90m[1m_update_scan_actions[22m | tower_ascent_beat_03.wav[39m[0m
[  82% ] [90m[1m_update_scan_actions[22m | tower_ascent_before_battle.wav[39m[0m
[  82% ] [90m[1m_update_scan_actions[22m | tower_ascent_clue_01.wav[39m[0m
[  83% ] [90m[1m_update_scan_actions[22m | tower_ascent_clue_02.wav[39m[0m
[  83% ] [90m[1m_update_scan_actions[22m | tower_ascent_clue_03.wav[39m[0m
[  84% ] [90m[1m_update_scan_actions[22m | tower_ascent_dialogue_01.wav[39m[0m
[  84% ] [90m[1m_update_scan_actions[22m | tower_ascent_dialogue_02.wav[39m[0m
[  85% ] [90m[1m_update_scan_actions[22m | tower_ascent_dialogue_03.wav[39m[0m
[  85% ] [90m[1m_update_scan_actions[22m | tower_ascent_dialogue_04.wav[39m[0m
[  86% ] [90m[1m_update_scan_actions[22m | tower_ascent_dialogue_05.wav[39m[0m
[  86% ] [90m[1m_update_scan_actions[22m | tower_ascent_dialogue_06.wav[39m[0m
[  87% ] [90m[1m_update_scan_actions[22m | tower_ascent_forget.wav[39m[0m
[  88% ] [90m[1m_update_scan_actions[22m | tower_ascent_keep.wav[39m[0m
[  88% ] [90m[1m_update_scan_actions[22m | tower_ascent_outro.wav[39m[0m
[  89% ] [90m[1m_update_scan_actions[22m | tower_epilogue.wav[39m[0m
[  89% ] [90m[1m_update_scan_actions[22m | tower_ledger_beat_01.wav[39m[0m
[  90% ] [90m[1m_update_scan_actions[22m | tower_ledger_beat_02.wav[39m[0m
[  90% ] [90m[1m_update_scan_actions[22m | tower_ledger_beat_03.wav[39m[0m
[  91% ] [90m[1m_update_scan_actions[22m | tower_ledger_clue_01.wav[39m[0m
[  91% ] [90m[1m_update_scan_actions[22m | tower_ledger_clue_02.wav[39m[0m
[  92% ] [90m[1m_update_scan_actions[22m | tower_ledger_clue_03.wav[39m[0m
[  92% ] [90m[1m_update_scan_actions[22m | tower_ledger_dialogue_01.wav[39m[0m
[  93% ] [90m[1m_update_scan_actions[22m | tower_ledger_dialogue_02.wav[39m[0m
[  93% ] [90m[1m_update_scan_actions[22m | tower_ledger_dialogue_03.wav[39m[0m
[  94% ] [90m[1m_update_scan_actions[22m | tower_ledger_dialogue_04.wav[39m[0m
[  94% ] [90m[1m_update_scan_actions[22m | tower_ledger_dialogue_05.wav[39m[0m
[  95% ] [90m[1m_update_scan_actions[22m | tower_ledger_dialogue_06.wav[39m[0m
[  95% ] [90m[1m_update_scan_actions[22m | tower_ledger_forget.wav[39m[0m
[  96% ] [90m[1m_update_scan_actions[22m | tower_ledger_keep.wav[39m[0m
[  96% ] [90m[1m_update_scan_actions[22m | tower_ledger_outro.wav[39m[0m
[  97% ] [90m[1m_update_scan_actions[22m | tower_origin.wav[39m[0m
[  97% ] [90m[1m_update_scan_actions[22m | xi_jue_chang.wav[39m[0m
[  98% ] [90m[1m_update_scan_actions[22m | xi_xing_qiang.wav[39m[0m
[  98% ] [90m[1m_update_scan_actions[22m | yan_ping_an.wav[39m[0m
[92m[ DONE ][39m [1m_update_scan_actions[22m
[0m
[   0% ] [90m[1mreimport[22m | Started 正在导入或重新导入资产 (184 steps)[39m[0m
[   0% ] [90m[1mreimport[22m | 正在准备重新导入文件……[39m[0m
[   0% ] [90m[1mreimport[22m | 正在准备重新导入文件……[39m[0m
[   1% ] [90m[1mreimport[22m | 正在准备重新导入文件……[39m[0m
[   1% ] [90m[1mreimport[22m | 正在准备重新导入文件……[39m[0m
[   2% ] [90m[1mreimport[22m | 正在准备重新导入文件……[39m[0m
[   2% ] [90m[1mreimport[22m | 正在准备重新导入文件……[39m[0m
[   3% ] [90m[1mreimport[22m | 正在准备重新导入文件……[39m[0m
[   3% ] [90m[1mreimport[22m | 正在准备重新导入文件……[39m[0m
[   4% ] [90m[1mreimport[22m | 正在准备重新导入文件……[39m[0m
[   4% ] [90m[1mreimport[22m | 正在准备重新导入文件……[39m[0m
[   5% ] [90m[1mreimport[22m | 正在准备重新导入文件……[39m[0m
[   5% ] [90m[1mreimport[22m | 正在准备重新导入文件……[39m[0m
[   6% ] [90m[1mreimport[22m | 正在准备重新导入文件……[39m[0m
[   7% ] [90m[1mreimport[22m | 正在准备重新导入文件……[39m[0m
[   7% ] [90m[1mreimport[22m | 正在准备重新导入文件……[39m[0m
[   8% ] [90m[1mreimport[22m | 正在准备重新导入文件……[39m[0m
[   8% ] [90m[1mreimport[22m | 正在准备重新导入文件……[39m[0m
[   9% ] [90m[1mreimport[22m | 正在准备重新导入文件……[39m[0m
[   9% ] [90m[1mreimport[22m | 正在准备重新导入文件……[39m[0m
[  10% ] [90m[1mreimport[22m | 正在准备重新导入文件……[39m[0m
[  10% ] [90m[1mreimport[22m | 正在准备重新导入文件……[39m[0m
[  11% ] [90m[1mreimport[22m | 正在准备重新导入文件……[39m[0m
[  11% ] [90m[1mreimport[22m | 正在准备重新导入文件……[39m[0m
[  12% ] [90m[1mreimport[22m | 正在准备重新导入文件……[39m[0m
[  12% ] [90m[1mreimport[22m | 正在准备重新导入文件……[39m[0m
[  13% ] [90m[1mreimport[22m | 正在准备重新导入文件……[39m[0m
[  14% ] [90m[1mreimport[22m | 正在准备重新导入文件……[39m[0m
[  14% ] [90m[1mreimport[22m | 正在准备重新导入文件……[39m[0m
[  15% ] [90m[1mreimport[22m | 正在准备重新导入文件……[39m[0m
[  15% ] [90m[1mreimport[22m | 正在准备重新导入文件……[39m[0m
[  16% ] [90m[1mreimport[22m | 正在准备重新导入文件……[39m[0m
[  16% ] [90m[1mreimport[22m | 正在准备重新导入文件……[39m[0m
[  17% ] [90m[1mreimport[22m | 正在准备重新导入文件……[39m[0m
[  17% ] [90m[1mreimport[22m | 正在准备重新导入文件……[39m[0m
[  18% ] [90m[1mreimport[22m | 正在准备重新导入文件……[39m[0m
[  18% ] [90m[1mreimport[22m | 正在准备重新导入文件……[39m[0m
[  19% ] [90m[1mreimport[22m | 正在准备重新导入文件……[39m[0m
[  20% ] [90m[1mreimport[22m | 正在准备重新导入文件……[39m[0m
[  20% ] [90m[1mreimport[22m | 正在准备重新导入文件……[39m[0m
[  21% ] [90m[1mreimport[22m | 正在准备重新导入文件……[39m[0m
[  21% ] [90m[1mreimport[22m | 正在准备重新导入文件……[39m[0m
[  22% ] [90m[1mreimport[22m | 正在准备重新导入文件……[39m[0m
[  22% ] [90m[1mreimport[22m | 正在准备重新导入文件……[39m[0m
[  23% ] [90m[1mreimport[22m | 正在准备重新导入文件……[39m[0m
[  23% ] [90m[1mreimport[22m | 正在准备重新导入文件……[39m[0m
[  24% ] [90m[1mreimport[22m | 正在准备重新导入文件……[39m[0m
[  24% ] [90m[1mreimport[22m | 正在准备重新导入文件……[39m[0m
[  25% ] [90m[1mreimport[22m | 正在准备重新导入文件……[39m[0m
[  25% ] [90m[1mreimport[22m | 正在准备重新导入文件……[39m[0m
[  26% ] [90m[1mreimport[22m | 正在准备重新导入文件……[39m[0m
[  27% ] [90m[1mreimport[22m | 正在准备重新导入文件……[39m[0m
[  27% ] [90m[1mreimport[22m | 正在准备重新导入文件……[39m[0m
[  28% ] [90m[1mreimport[22m | 正在准备重新导入文件……[39m[0m
[  28% ] [90m[1mreimport[22m | 正在准备重新导入文件……[39m[0m
[  29% ] [90m[1mreimport[22m | 正在准备重新导入文件……[39m[0m
[  29% ] [90m[1mreimport[22m | 正在准备重新导入文件……[39m[0m
[  30% ] [90m[1mreimport[22m | 正在准备重新导入文件……[39m[0m
[  30% ] [90m[1mreimport[22m | 正在准备重新导入文件……[39m[0m
[  31% ] [90m[1mreimport[22m | 正在准备重新导入文件……[39m[0m
[  31% ] [90m[1mreimport[22m | 正在准备重新导入文件……[39m[0m
[  32% ] [90m[1mreimport[22m | 正在准备重新导入文件……[39m[0m
[  32% ] [90m[1mreimport[22m | 正在准备重新导入文件……[39m[0m
[  33% ] [90m[1mreimport[22m | 正在准备重新导入文件……[39m[0m
[  34% ] [90m[1mreimport[22m | 正在准备重新导入文件……[39m[0m
[  34% ] [90m[1mreimport[22m | 正在准备重新导入文件……[39m[0m
[  35% ] [90m[1mreimport[22m | 正在准备重新导入文件……[39m[0m
[  35% ] [90m[1mreimport[22m | 正在准备重新导入文件……[39m[0m
[  36% ] [90m[1mreimport[22m | 正在准备重新导入文件……[39m[0m
[  36% ] [90m[1mreimport[22m | 正在准备重新导入文件……[39m[0m
[  37% ] [90m[1mreimport[22m | 正在准备重新导入文件……[39m[0m
[  37% ] [90m[1mreimport[22m | 正在准备重新导入文件……[39m[0m
[  38% ] [90m[1mreimport[22m | 正在准备重新导入文件……[39m[0m
[  38% ] [90m[1mreimport[22m | 正在准备重新导入文件……[39m[0m
[  39% ] [90m[1mreimport[22m | 正在准备重新导入文件……[39m[0m
[  40% ] [90m[1mreimport[22m | 正在准备重新导入文件……[39m[0m
[  40% ] [90m[1mreimport[22m | 正在准备重新导入文件……[39m[0m
[  41% ] [90m[1mreimport[22m | 正在准备重新导入文件……[39m[0m
[  41% ] [90m[1mreimport[22m | 正在准备重新导入文件……[39m[0m
[  42% ] [90m[1mreimport[22m | 正在准备重新导入文件……[39m[0m
[  42% ] [90m[1mreimport[22m | 正在准备重新导入文件……[39m[0m
[  43% ] [90m[1mreimport[22m | 正在准备重新导入文件……[39m[0m
[  43% ] [90m[1mreimport[22m | 正在准备重新导入文件……[39m[0m
[  44% ] [90m[1mreimport[22m | 正在准备重新导入文件……[39m[0m
[  44% ] [90m[1mreimport[22m | 正在准备重新导入文件……[39m[0m
[  45% ] [90m[1mreimport[22m | 正在准备重新导入文件……[39m[0m
[  45% ] [90m[1mreimport[22m | 正在准备重新导入文件……[39m[0m
[  46% ] [90m[1mreimport[22m | 正在准备重新导入文件……[39m[0m
[  47% ] [90m[1mreimport[22m | 正在准备重新导入文件……[39m[0m
[  47% ] [90m[1mreimport[22m | 正在准备重新导入文件……[39m[0m
[  48% ] [90m[1mreimport[22m | 正在准备重新导入文件……[39m[0m
[  48% ] [90m[1mreimport[22m | 正在准备重新导入文件……[39m[0m
[  49% ] [90m[1mreimport[22m | 正在准备重新导入文件……[39m[0m
[  49% ] [90m[1mreimport[22m | 正在准备重新导入文件……[39m[0m
[  50% ] [90m[1mreimport[22m | 正在准备重新导入文件……[39m[0m
[  50% ] [90m[1mreimport[22m | 正在准备重新导入文件……[39m[0m
[  51% ] [90m[1mreimport[22m | 正在准备重新导入文件……[39m[0m
[  51% ] [90m[1mreimport[22m | 正在准备重新导入文件……[39m[0m
[  52% ] [90m[1mreimport[22m | 正在准备重新导入文件……[39m[0m
[  52% ] [90m[1mreimport[22m | 正在准备重新导入文件……[39m[0m
[  53% ] [90m[1mreimport[22m | 正在准备重新导入文件……[39m[0m
[  54% ] [90m[1mreimport[22m | 正在准备重新导入文件……[39m[0m
[  54% ] [90m[1mreimport[22m | 正在准备重新导入文件……[39m[0m
[  55% ] [90m[1mreimport[22m | 正在准备重新导入文件……[39m[0m
[  55% ] [90m[1mreimport[22m | 正在准备重新导入文件……[39m[0m
[  56% ] [90m[1mreimport[22m | 正在准备重新导入文件……[39m[0m
[  56% ] [90m[1mreimport[22m | 正在准备重新导入文件……[39m[0m
[  57% ] [90m[1mreimport[22m | 正在准备重新导入文件……[39m[0m
[  57% ] [90m[1mreimport[22m | 正在准备重新导入文件……[39m[0m
[  58% ] [90m[1mreimport[22m | 正在准备重新导入文件……[39m[0m
[  58% ] [90m[1mreimport[22m | 正在准备重新导入文件……[39m[0m
[  59% ] [90m[1mreimport[22m | 正在准备重新导入文件……[39m[0m
[  60% ] [90m[1mreimport[22m | 正在准备重新导入文件……[39m[0m
[  60% ] [90m[1mreimport[22m | 正在准备重新导入文件……[39m[0m
[  61% ] [90m[1mreimport[22m | 正在准备重新导入文件……[39m[0m
[  61% ] [90m[1mreimport[22m | 正在准备重新导入文件……[39m[0m
[  62% ] [90m[1mreimport[22m | 正在准备重新导入文件……[39m[0m
[  62% ] [90m[1mreimport[22m | 正在准备重新导入文件……[39m[0m
[  63% ] [90m[1mreimport[22m | 正在准备重新导入文件……[39m[0m
[  63% ] [90m[1mreimport[22m | 正在准备重新导入文件……[39m[0m
[  64% ] [90m[1mreimport[22m | 正在准备重新导入文件……[39m[0m
[  64% ] [90m[1mreimport[22m | 正在准备重新导入文件……[39m[0m
[  65% ] [90m[1mreimport[22m | 正在准备重新导入文件……[39m[0m
[  65% ] [90m[1mreimport[22m | 正在准备重新导入文件……[39m[0m
[  66% ] [90m[1mreimport[22m | 正在准备重新导入文件……[39m[0m
[  67% ] [90m[1mreimport[22m | 正在准备重新导入文件……[39m[0m
[  67% ] [90m[1mreimport[22m | 正在准备重新导入文件……[39m[0m
[  68% ] [90m[1mreimport[22m | 正在准备重新导入文件……[39m[0m
[  68% ] [90m[1mreimport[22m | 正在准备重新导入文件……[39m[0m
[  69% ] [90m[1mreimport[22m | 正在准备重新导入文件……[39m[0m
[  69% ] [90m[1mreimport[22m | 正在准备重新导入文件……[39m[0m
[  70% ] [90m[1mreimport[22m | 正在准备重新导入文件……[39m[0m
[  70% ] [90m[1mreimport[22m | 正在准备重新导入文件……[39m[0m
[  71% ] [90m[1mreimport[22m | 正在准备重新导入文件……[39m[0m
[  71% ] [90m[1mreimport[22m | 正在准备重新导入文件……[39m[0m
[  72% ] [90m[1mreimport[22m | 正在准备重新导入文件……[39m[0m
[  72% ] [90m[1mreimport[22m | 正在准备重新导入文件……[39m[0m
[  73% ] [90m[1mreimport[22m | 正在准备重新导入文件……[39m[0m
[  74% ] [90m[1mreimport[22m | 正在准备重新导入文件……[39m[0m
[  74% ] [90m[1mreimport[22m | 正在准备重新导入文件……[39m[0m
[  75% ] [90m[1mreimport[22m | 正在准备重新导入文件……[39m[0m
[  75% ] [90m[1mreimport[22m | 正在准备重新导入文件……[39m[0m
[  76% ] [90m[1mreimport[22m | 正在准备重新导入文件……[39m[0m
[  76% ] [90m[1mreimport[22m | 正在准备重新导入文件……[39m[0m
[  77% ] [90m[1mreimport[22m | 正在准备重新导入文件……[39m[0m
[  77% ] [90m[1mreimport[22m | 正在准备重新导入文件……[39m[0m
[  78% ] [90m[1mreimport[22m | 正在准备重新导入文件……[39m[0m
[  78% ] [90m[1mreimport[22m | 正在准备重新导入文件……[39m[0m
[  79% ] [90m[1mreimport[22m | 正在准备重新导入文件……[39m[0m
[  80% ] [90m[1mreimport[22m | 正在准备重新导入文件……[39m[0m
[  80% ] [90m[1mreimport[22m | 正在准备重新导入文件……[39m[0m
[  81% ] [90m[1mreimport[22m | 正在准备重新导入文件……[39m[0m
[  81% ] [90m[1mreimport[22m | 正在准备重新导入文件……[39m[0m
[  82% ] [90m[1mreimport[22m | 正在准备重新导入文件……[39m[0m
[  82% ] [90m[1mreimport[22m | 正在准备重新导入文件……[39m[0m
[  83% ] [90m[1mreimport[22m | 正在准备重新导入文件……[39m[0m
[  83% ] [90m[1mreimport[22m | 正在准备重新导入文件……[39m[0m
[  84% ] [90m[1mreimport[22m | 正在准备重新导入文件……[39m[0m
[  84% ] [90m[1mreimport[22m | 正在准备重新导入文件……[39m[0m
[  85% ] [90m[1mreimport[22m | 正在准备重新导入文件……[39m[0m
[  85% ] [90m[1mreimport[22m | 正在准备重新导入文件……[39m[0m
[  86% ] [90m[1mreimport[22m | 正在准备重新导入文件……[39m[0m
[  87% ] [90m[1mreimport[22m | 正在准备重新导入文件……[39m[0m
[  87% ] [90m[1mreimport[22m | 正在准备重新导入文件……[39m[0m
[  88% ] [90m[1mreimport[22m | 正在准备重新导入文件……[39m[0m
[  88% ] [90m[1mreimport[22m | 正在准备重新导入文件……[39m[0m
[  89% ] [90m[1mreimport[22m | 正在准备重新导入文件……[39m[0m
[  89% ] [90m[1mreimport[22m | 正在准备重新导入文件……[39m[0m
[  90% ] [90m[1mreimport[22m | 正在准备重新导入文件……[39m[0m
[  90% ] [90m[1mreimport[22m | 正在准备重新导入文件……[39m[0m
[  91% ] [90m[1mreimport[22m | 正在准备重新导入文件……[39m[0m
[  91% ] [90m[1mreimport[22m | 正在准备重新导入文件……[39m[0m
[  92% ] [90m[1mreimport[22m | 正在准备重新导入文件……[39m[0m
[  92% ] [90m[1mreimport[22m | 正在准备重新导入文件……[39m[0m
[  93% ] [90m[1mreimport[22m | 正在准备重新导入文件……[39m[0m
[  94% ] [90m[1mreimport[22m | 正在准备重新导入文件……[39m[0m
[  94% ] [90m[1mreimport[22m | 正在准备重新导入文件……[39m[0m
[  95% ] [90m[1mreimport[22m | 正在准备重新导入文件……[39m[0m
[  95% ] [90m[1mreimport[22m | 正在准备重新导入文件……[39m[0m
[  96% ] [90m[1mreimport[22m | 正在准备重新导入文件……[39m[0m
[  96% ] [90m[1mreimport[22m | 正在准备重新导入文件……[39m[0m
[  97% ] [90m[1mreimport[22m | 正在准备重新导入文件……[39m[0m
[  97% ] [90m[1mreimport[22m | 正在准备重新导入文件……[39m[0m
[  98% ] [90m[1mreimport[22m | 正在准备重新导入文件……[39m[0m
[  98% ] [90m[1mreimport[22m | 正在准备重新导入文件……[39m[0m
[   0% ] [90m[1mreimport[22m | 正在执行重新导入的前置操作……[39m[0m
[   0% ] [90m[1mreimport[22m | temple_drum_outro.wav[39m[0m
[   0% ] [90m[1mreimport[22m | temple_guest_beat_01.wav[39m[0m
[   1% ] [90m[1mreimport[22m | temple_guest_beat_02.wav[39m[0m
[   1% ] [90m[1mreimport[22m | temple_guest_beat_03.wav[39m[0m
[   2% ] [90m[1mreimport[22m | temple_guest_before_battle.wav[39m[0m
[   2% ] [90m[1mreimport[22m | temple_guest_clue_01.wav[39m[0m
[   3% ] [90m[1mreimport[22m | temple_guest_clue_02.wav[39m[0m
[   3% ] [90m[1mreimport[22m | temple_guest_clue_03.wav[39m[0m
[   4% ] [90m[1mreimport[22m | temple_guest_dialogue_01.wav[39m[0m
[   4% ] [90m[1mreimport[22m | temple_guest_dialogue_02.wav[39m[0m
[   5% ] [90m[1mreimport[22m | temple_guest_dialogue_03.wav[39m[0m
[   5% ] [90m[1mreimport[22m | temple_guest_dialogue_04.wav[39m[0m
[   6% ] [90m[1mreimport[22m | temple_guest_dialogue_05.wav[39m[0m
[   7% ] [90m[1mreimport[22m | temple_guest_dialogue_06.wav[39m[0m
[   7% ] [90m[1mreimport[22m | temple_guest_forget.wav[39m[0m
[   8% ] [90m[1mreimport[22m | temple_guest_keep.wav[39m[0m
[   8% ] [90m[1mreimport[22m | temple_guest_outro.wav[39m[0m
[   9% ] [90m[1mreimport[22m | temple_incense_beat_01.wav[39m[0m
[   9% ] [90m[1mreimport[22m | temple_incense_beat_02.wav[39m[0m
[  10% ] [90m[1mreimport[22m | temple_incense_beat_03.wav[39m[0m
[  10% ] [90m[1mreimport[22m | temple_incense_before_battle.wav[39m[0m
[  11% ] [90m[1mreimport[22m | temple_incense_clue_01.wav[39m[0m
[  11% ] [90m[1mreimport[22m | temple_incense_clue_02.wav[39m[0m
[  12% ] [90m[1mreimport[22m | prologue_bridge_dialogue_06.wav[39m[0m
[  12% ] [90m[1mreimport[22m | prologue_bridge_forget.wav[39m[0m
[  13% ] [90m[1mreimport[22m | prologue_bridge_keep.wav[39m[0m
[  14% ] [90m[1mreimport[22m | prologue_bridge_outro.wav[39m[0m
[  14% ] [90m[1mreimport[22m | she_cheng_xiang.wav[39m[0m
[  15% ] [90m[1mreimport[22m | she_hui_chun.wav[39m[0m
[  15% ] [90m[1mreimport[22m | she_ning_an.wav[39m[0m
[  16% ] [90m[1mreimport[22m | temple_drum_beat_01.wav[39m[0m
[  16% ] [90m[1mreimport[22m | temple_drum_beat_02.wav[39m[0m
[  17% ] [90m[1mreimport[22m | temple_drum_beat_03.wav[39m[0m
[  17% ] [90m[1mreimport[22m | temple_drum_before_battle.wav[39m[0m
[  18% ] [90m[1mreimport[22m | temple_drum_chapter_outro.wav[39m[0m
[  18% ] [90m[1mreimport[22m | temple_drum_clue_01.wav[39m[0m
[  19% ] [90m[1mreimport[22m | temple_drum_clue_02.wav[39m[0m
[  20% ] [90m[1mreimport[22m | temple_drum_clue_03.wav[39m[0m
[  20% ] [90m[1mreimport[22m | temple_drum_dialogue_01.wav[39m[0m
[  21% ] [90m[1mreimport[22m | temple_drum_dialogue_02.wav[39m[0m
[  21% ] [90m[1mreimport[22m | temple_drum_dialogue_03.wav[39m[0m
[  22% ] [90m[1mreimport[22m | temple_drum_dialogue_04.wav[39m[0m
[  22% ] [90m[1mreimport[22m | temple_drum_dialogue_05.wav[39m[0m
[  23% ] [90m[1mreimport[22m | temple_drum_dialogue_06.wav[39m[0m
[  23% ] [90m[1mreimport[22m | temple_drum_forget.wav[39m[0m
[  24% ] [90m[1mreimport[22m | temple_drum_keep.wav[39m[0m
[  24% ] [90m[1mreimport[22m | tower_ascent_forget.wav[39m[0m
[  25% ] [90m[1mreimport[22m | tower_ascent_keep.wav[39m[0m
[  25% ] [90m[1mreimport[22m | tower_ascent_outro.wav[39m[0m
[  26% ] [90m[1mreimport[22m | tower_epilogue.wav[39m[0m
[  27% ] [90m[1mreimport[22m | tower_ledger_beat_01.wav[39m[0m
[  27% ] [90m[1mreimport[22m | tower_ledger_beat_02.wav[39m[0m
[  28% ] [90m[1mreimport[22m | tower_ledger_beat_03.wav[39m[0m
[  28% ] [90m[1mreimport[22m | tower_ledger_clue_01.wav[39m[0m
[  29% ] [90m[1mreimport[22m | tower_ledger_clue_02.wav[39m[0m
[  29% ] [90m[1mreimport[22m | tower_ledger_clue_03.wav[39m[0m
[  30% ] [90m[1mreimport[22m | tower_ledger_dialogue_01.wav[39m[0m
[  30% ] [90m[1mreimport[22m | tower_ledger_dialogue_02.wav[39m[0m
[  31% ] [90m[1mreimport[22m | tower_ledger_dialogue_03.wav[39m[0m
[  31% ] [90m[1mreimport[22m | tower_ledger_dialogue_04.wav[39m[0m
[  32% ] [90m[1mreimport[22m | tower_ledger_dialogue_05.wav[39m[0m
[  32% ] [90m[1mreimport[22m | tower_ledger_dialogue_06.wav[39m[0m
[  33% ] [90m[1mreimport[22m | tower_ledger_forget.wav[39m[0m
[  34% ] [90m[1mreimport[22m | tower_ledger_keep.wav[39m[0m
[  34% ] [90m[1mreimport[22m | tower_ledger_outro.wav[39m[0m
[  35% ] [90m[1mreimport[22m | tower_origin.wav[39m[0m
[  35% ] [90m[1mreimport[22m | xi_jue_chang.wav[39m[0m
[  36% ] [90m[1mreimport[22m | xi_xing_qiang.wav[39m[0m
[  36% ] [90m[1mreimport[22m | yan_ping_an.wav[39m[0m
[  37% ] [90m[1mreimport[22m | temple_incense_clue_03.wav[39m[0m
[  37% ] [90m[1mreimport[22m | temple_incense_dialogue_01.wav[39m[0m
[  38% ] [90m[1mreimport[22m | temple_incense_dialogue_02.wav[39m[0m
[  38% ] [90m[1mreimport[22m | temple_incense_dialogue_03.wav[39m[0m
[  39% ] [90m[1mreimport[22m | temple_incense_dialogue_04.wav[39m[0m
[  40% ] [90m[1mreimport[22m | temple_incense_dialogue_05.wav[39m[0m
[  40% ] [90m[1mreimport[22m | temple_incense_dialogue_06.wav[39m[0m
[  41% ] [90m[1mreimport[22m | temple_incense_forget.wav[39m[0m
[  41% ] [90m[1mreimport[22m | temple_incense_keep.wav[39m[0m
[  42% ] [90m[1mreimport[22m | temple_incense_outro.wav[39m[0m
[  42% ] [90m[1mreimport[22m | tower_ascent_beat_01.wav[39m[0m
[  43% ] [90m[1mreimport[22m | tower_ascent_beat_02.wav[39m[0m
[  43% ] [90m[1mreimport[22m | tower_ascent_beat_03.wav[39m[0m
[  44% ] [90m[1mreimport[22m | tower_ascent_before_battle.wav[39m[0m
[  44% ] [90m[1mreimport[22m | tower_ascent_clue_01.wav[39m[0m
[  45% ] [90m[1mreimport[22m | tower_ascent_clue_02.wav[39m[0m
[  45% ] [90m[1mreimport[22m | tower_ascent_clue_03.wav[39m[0m
[  46% ] [90m[1mreimport[22m | tower_ascent_dialogue_01.wav[39m[0m
[  47% ] [90m[1mreimport[22m | tower_ascent_dialogue_02.wav[39m[0m
[  47% ] [90m[1mreimport[22m | tower_ascent_dialogue_03.wav[39m[0m
[  48% ] [90m[1mreimport[22m | tower_ascent_dialogue_04.wav[39m[0m
[  48% ] [90m[1mreimport[22m | tower_ascent_dialogue_05.wav[39m[0m
[  49% ] [90m[1mreimport[22m | tower_ascent_dialogue_06.wav[39m[0m
[  49% ] [90m[1mreimport[22m | archway_form_dialogue_01.wav[39m[0m
[  50% ] [90m[1mreimport[22m | archway_form_dialogue_02.wav[39m[0m
[  50% ] [90m[1mreimport[22m | archway_form_dialogue_03.wav[39m[0m
[  51% ] [90m[1mreimport[22m | archway_form_dialogue_04.wav[39m[0m
[  51% ] [90m[1mreimport[22m | archway_form_dialogue_05.wav[39m[0m
[  52% ] [90m[1mreimport[22m | archway_form_dialogue_06.wav[39m[0m
[  52% ] [90m[1mreimport[22m | archway_form_forget.wav[39m[0m
[  53% ] [90m[1mreimport[22m | archway_form_keep.wav[39m[0m
[  54% ] [90m[1mreimport[22m | archway_form_outro.wav[39m[0m
[  54% ] [90m[1mreimport[22m | failure_first_battle_requirements_not_met.wav[39m[0m
[  55% ] [90m[1mreimport[22m | failure_first_erosion_limit.wav[39m[0m
[  55% ] [90m[1mreimport[22m | failure_first_puzzle_attempt_limit.wav[39m[0m
[  56% ] [90m[1mreimport[22m | failure_first_session_expired.wav[39m[0m
[  56% ] [90m[1mreimport[22m | failure_line_01.wav[39m[0m
[  57% ] [90m[1mreimport[22m | failure_line_02.wav[39m[0m
[  57% ] [90m[1mreimport[22m | failure_line_03.wav[39m[0m
[  58% ] [90m[1mreimport[22m | failure_line_04.wav[39m[0m
[  58% ] [90m[1mreimport[22m | failure_line_05.wav[39m[0m
[  59% ] [90m[1mreimport[22m | failure_line_06.wav[39m[0m
[  60% ] [90m[1mreimport[22m | failure_line_07.wav[39m[0m
[  60% ] [90m[1mreimport[22m | failure_line_09.wav[39m[0m
[  61% ] [90m[1mreimport[22m | fang_jiang_hun.wav[39m[0m
[  61% ] [90m[1mreimport[22m | fang_wu_ming.wav[39m[0m
[  62% ] [90m[1mreimport[22m | archway_craftsman_beat_01.wav[39m[0m
[  62% ] [90m[1mreimport[22m | archway_craftsman_beat_02.wav[39m[0m
[  63% ] [90m[1mreimport[22m | archway_craftsman_beat_03.wav[39m[0m
[  63% ] [90m[1mreimport[22m | archway_craftsman_before_battle.wav[39m[0m
[  64% ] [90m[1mreimport[22m | archway_craftsman_clue_01.wav[39m[0m
[  64% ] [90m[1mreimport[22m | archway_craftsman_clue_02.wav[39m[0m
[  65% ] [90m[1mreimport[22m | archway_craftsman_clue_03.wav[39m[0m
[  65% ] [90m[1mreimport[22m | archway_craftsman_dialogue_01.wav[39m[0m
[  66% ] [90m[1mreimport[22m | archway_craftsman_dialogue_02.wav[39m[0m
[  67% ] [90m[1mreimport[22m | archway_craftsman_dialogue_03.wav[39m[0m
[  67% ] [90m[1mreimport[22m | archway_craftsman_dialogue_04.wav[39m[0m
[  68% ] [90m[1mreimport[22m | archway_craftsman_dialogue_05.wav[39m[0m
[  68% ] [90m[1mreimport[22m | archway_craftsman_dialogue_06.wav[39m[0m
[  69% ] [90m[1mreimport[22m | archway_craftsman_forget.wav[39m[0m
[  69% ] [90m[1mreimport[22m | archway_craftsman_keep.wav[39m[0m
[  70% ] [90m[1mreimport[22m | archway_craftsman_outro.wav[39m[0m
[  70% ] [90m[1mreimport[22m | archway_form_beat_01.wav[39m[0m
[  71% ] [90m[1mreimport[22m | archway_form_beat_02.wav[39m[0m
[  71% ] [90m[1mreimport[22m | archway_form_beat_03.wav[39m[0m
[  72% ] [90m[1mreimport[22m | archway_form_before_battle.wav[39m[0m
[  72% ] [90m[1mreimport[22m | archway_form_clue_01.wav[39m[0m
[  73% ] [90m[1mreimport[22m | archway_form_clue_02.wav[39m[0m
[  74% ] [90m[1mreimport[22m | archway_form_clue_03.wav[39m[0m
[  74% ] [90m[1mreimport[22m | opera_opening_clue_03.wav[39m[0m
[  75% ] [90m[1mreimport[22m | opera_opening_dialogue_01.wav[39m[0m
[  75% ] [90m[1mreimport[22m | opera_opening_dialogue_02.wav[39m[0m
[  76% ] [90m[1mreimport[22m | opera_opening_dialogue_03.wav[39m[0m
[  76% ] [90m[1mreimport[22m | opera_opening_dialogue_04.wav[39m[0m
[  77% ] [90m[1mreimport[22m | opera_opening_dialogue_05.wav[39m[0m
[  77% ] [90m[1mreimport[22m | opera_opening_dialogue_06.wav[39m[0m
[  78% ] [90m[1mreimport[22m | opera_opening_first_clear.wav[39m[0m
[  78% ] [90m[1mreimport[22m | opera_opening_forget.wav[39m[0m
[  79% ] [90m[1mreimport[22m | opera_opening_keep.wav[39m[0m
[  80% ] [90m[1mreimport[22m | opera_opening_outro.wav[39m[0m
[  80% ] [90m[1mreimport[22m | prologue_bridge_beat_01.wav[39m[0m
[  81% ] [90m[1mreimport[22m | prologue_bridge_beat_02.wav[39m[0m
[  81% ] [90m[1mreimport[22m | prologue_bridge_beat_03.wav[39m[0m
[  82% ] [90m[1mreimport[22m | prologue_bridge_before_battle.wav[39m[0m
[  82% ] [90m[1mreimport[22m | prologue_bridge_clue_01.wav[39m[0m
[  83% ] [90m[1mreimport[22m | prologue_bridge_clue_02.wav[39m[0m
[  83% ] [90m[1mreimport[22m | prologue_bridge_clue_03.wav[39m[0m
[  84% ] [90m[1mreimport[22m | prologue_bridge_dialogue_01.wav[39m[0m
[  84% ] [90m[1mreimport[22m | prologue_bridge_dialogue_02.wav[39m[0m
[  85% ] [90m[1mreimport[22m | prologue_bridge_dialogue_03.wav[39m[0m
[  85% ] [90m[1mreimport[22m | prologue_bridge_dialogue_04.wav[39m[0m
[  86% ] [90m[1mreimport[22m | prologue_bridge_dialogue_05.wav[39m[0m
[  87% ] [90m[1mreimport[22m | opera_master_beat_01.wav[39m[0m
[  87% ] [90m[1mreimport[22m | opera_master_beat_02.wav[39m[0m
[  88% ] [90m[1mreimport[22m | opera_master_beat_03.wav[39m[0m
[  88% ] [90m[1mreimport[22m | opera_master_before_battle.wav[39m[0m
[  89% ] [90m[1mreimport[22m | opera_master_clue_01.wav[39m[0m
[  89% ] [90m[1mreimport[22m | opera_master_clue_02.wav[39m[0m
[  90% ] [90m[1mreimport[22m | opera_master_clue_03.wav[39m[0m
[  90% ] [90m[1mreimport[22m | opera_master_dialogue_01.wav[39m[0m
[  91% ] [90m[1mreimport[22m | opera_master_dialogue_02.wav[39m[0m
[  91% ] [90m[1mreimport[22m | opera_master_dialogue_03.wav[39m[0m
[  92% ] [90m[1mreimport[22m | opera_master_dialogue_04.wav[39m[0m
[  92% ] [90m[1mreimport[22m | opera_master_dialogue_05.wav[39m[0m
[  93% ] [90m[1mreimport[22m | opera_master_dialogue_06.wav[39m[0m
[  94% ] [90m[1mreimport[22m | opera_master_first_clear.wav[39m[0m
[  94% ] [90m[1mreimport[22m | opera_master_forget.wav[39m[0m
[  95% ] [90m[1mreimport[22m | opera_master_keep.wav[39m[0m
[  95% ] [90m[1mreimport[22m | opera_master_outro.wav[39m[0m
[  96% ] [90m[1mreimport[22m | opera_opening_beat_01.wav[39m[0m
[  96% ] [90m[1mreimport[22m | opera_opening_beat_02.wav[39m[0m
[  97% ] [90m[1mreimport[22m | opera_opening_beat_03.wav[39m[0m
[  97% ] [90m[1mreimport[22m | opera_opening_before_battle.wav[39m[0m
[  98% ] [90m[1mreimport[22m | opera_opening_clue_01.wav[39m[0m
[  98% ] [90m[1mreimport[22m | opera_opening_clue_02.wav[39m[0m
[  99% ] [90m[1mreimport[22m | 正在结束资产导入……[39m[0m
[92m[ DONE ][39m [1mreimport[22m
[0m
[   0% ] [90m[1mreimport[22m | Started 正在导入或重新导入资产 (184 steps)[39m[0m
[   0% ] [90m[1mreimport[22m | 正在执行重新导入的后置操作……[39m[0m
[92m[ DONE ][39m [1mreimport[22m
[0m
[   0% ] [90m[1mloading_editor_layout[22m | Started 正在加载编辑器 (5 steps)[39m[0m
[   0% ] [90m[1mloading_editor_layout[22m | 正在加载编辑器布局……[39m[0m
[  16% ] [90m[1mloading_editor_layout[22m | 正在加载停靠面板……[39m[0m
[  33% ] [90m[1mloading_editor_layout[22m | 正在重新打开场景……[39m[0m
[  50% ] [90m[1mloading_editor_layout[22m | 正在加载中央编辑器布局……[39m[0m
[  66% ] [90m[1mloading_editor_layout[22m | 正在加载插件窗口布局……[39m[0m
[  83% ] [90m[1mloading_editor_layout[22m | 编辑器布局就绪。[39m[0m
[92m[ DONE ][39m [1mloading_editor_layout[22m
[0m
