Godot Engine v4.5.2.stable.official.6ce3de25a - https://godotengine.org
OpenGL API 3.3.0 NVIDIA 566.14 - Compatibility - Using Device: NVIDIA - NVIDIA GeForce RTX 4060 Laptop GPU

PASS direct play and stable local save
PASS reconnect and tutorial free rewind restore checkpoint
PASS failed stroke marked; other strokes preserved; single-stroke repair
CAPTURE battle: prologue_bridge
PASS actual enemy damage, shield, healing, cooldown and victory
PASS event: prologue_bridge
PASS moving battle dodge
CAPTURE battle: temple_incense
PASS actual enemy damage, shield, healing, cooldown and victory
PASS event: temple_incense
PASS event: temple_guest
CAPTURE battle: temple_drum
PASS actual enemy damage, shield, healing, cooldown and victory
PASS event: temple_drum
PASS narration duration, playback progress, pause/resume, memory source, capacity and ledger
TEST_PLAYER=local-player
PASS idle defeat
PASS journal, dialogue replay and persistent local progress
WARNING: 8 RIDs of type "CanvasItem" were leaked.
   at: _free_rids (servers/rendering/renderer_canvas_cull.cpp:2688)
ERROR: 3 RID allocations of type 'N5GLES37TextureE' were leaked at exit.
ERROR: Texture with GL ID of 24: leaked 1048576 bytes.
   at: ~Utilities (drivers/gles3/storage/utilities.cpp:77)
ERROR: Texture with GL ID of 52: leaked 11604843 bytes.
   at: ~Utilities (drivers/gles3/storage/utilities.cpp:77)
ERROR: Texture with GL ID of 53: leaked 11604843 bytes.
   at: ~Utilities (drivers/gles3/storage/utilities.cpp:77)
ERROR: 121 RID allocations of type 'PN18TextServerAdvanced22ShapedTextDataAdvancedE' were leaked at exit.
ERROR: 1 RID allocations of type 'PN18TextServerAdvanced12FontAdvancedE' were leaked at exit.
WARNING: ObjectDB instances leaked at exit (run with --verbose for details).
   at: cleanup (core/object/object.cpp:2514)
ERROR: 3 resources still in use at exit (run with --verbose for details).
   at: clear (core/io/resource.cpp:804)
