Godot Engine v4.5.2.stable.official.6ce3de25a - https://godotengine.org
WARNING: Your video card drivers seem not to support the required OpenGL 3.3 version, switching to ANGLE.
   at: DisplayServerWindows (platform/windows/display_server_windows.cpp:7107)
OpenGL API OpenGL ES 3.0.0 (ANGLE 2.1.1 git hash: d8c00a9d4283) - Compatibility - Using Device: Google Inc. (Microsoft) - ANGLE (Microsoft, Microsoft Basic Render Driver (0x0000008C) Direct3D11 vs_5_0 ps_5_0, D3D11-10.0.19041.5794)

WARNING: Antialiasing is not supported for thin polylines drawn using line strips (`p_width < 0`).
   at: canvas_item_add_polyline (servers/rendering/renderer_canvas_cull.cpp:970)
   GDScript backtrace (most recent call first):
       [0] _draw (res://scripts/trace_canvas.gd:50)
PACE prologue_bridge 47.25
PASS UI journey prologue_bridge
PACE temple_incense 50.25
PASS UI journey temple_incense
WARNING: Antialiasing is not supported for thin polylines drawn using line strips (`p_width < 0`).
   at: canvas_item_add_polyline (servers/rendering/renderer_canvas_cull.cpp:970)
   GDScript backtrace (most recent call first):
       [0] _draw (res://scripts/trace_canvas.gd:50)
PASS UI journey temple_guest
WARNING: Antialiasing is not supported for thin polylines drawn using line strips (`p_width < 0`).
   at: canvas_item_add_polyline (servers/rendering/renderer_canvas_cull.cpp:970)
   GDScript backtrace (most recent call first):
       [0] _draw (res://scripts/trace_canvas.gd:50)
PACE temple_drum 44.25
PASS UI journey temple_drum
WARNING: Antialiasing is not supported for thin polylines drawn using line strips (`p_width < 0`).
   at: canvas_item_add_polyline (servers/rendering/renderer_canvas_cull.cpp:970)
   GDScript backtrace (most recent call first):
       [0] _draw (res://scripts/trace_canvas.gd:50)
PACE opera_opening 41.25
PASS UI journey opera_opening
PACE opera_master 45.0
PASS UI journey opera_master
PACE archway_form 46.5
PASS UI journey archway_form
PACE archway_craftsman 48.0
PASS UI journey archway_craftsman
WARNING: Antialiasing is not supported for thin polylines drawn using line strips (`p_width < 0`).
   at: canvas_item_add_polyline (servers/rendering/renderer_canvas_cull.cpp:970)
   GDScript backtrace (most recent call first):
       [0] _draw (res://scripts/trace_canvas.gd:50)
PACE tower_ascent 48.75
PASS UI journey tower_ascent
PASS UI journey tower_ledger
PASS all ten UI tasks, 184 voices, dialogue cancellation, 1-5/numpad shortcuts, cooldown, third-skill boss and server settlement
