Godot Engine v4.5.2.stable.official.6ce3de25a - https://godotengine.org
WARNING: Your video card drivers seem not to support the required OpenGL 3.3 version, switching to ANGLE.
   at: DisplayServerWindows (platform/windows/display_server_windows.cpp:7107)
OpenGL API OpenGL ES 3.0.0 (ANGLE 2.1.1 git hash: d8c00a9d4283) - Compatibility - Using Device: Google Inc. (Microsoft) - ANGLE (Microsoft, Microsoft Basic Render Driver (0x0000008C) Direct3D11 vs_5_0 ps_5_0, D3D11-10.0.19041.5794)

FONT unique characters=761 missing=
WARNING: Antialiasing is not supported for thin polylines drawn using line strips (`p_width < 0`).
   at: canvas_item_add_polyline (servers/rendering/renderer_canvas_cull.cpp:970)
   GDScript backtrace (most recent call first):
       [0] _draw (res://scripts/trace_canvas.gd:50)
WARNING: Antialiasing is not supported for thin polylines drawn using line strips (`p_width < 0`).
   at: canvas_item_add_polyline (servers/rendering/renderer_canvas_cull.cpp:970)
   GDScript backtrace (most recent call first):
       [0] _draw (res://scripts/trace_canvas.gd:50)
WARNING: Antialiasing is not supported for thin polylines drawn using line strips (`p_width < 0`).
   at: canvas_item_add_polyline (servers/rendering/renderer_canvas_cull.cpp:970)
   GDScript backtrace (most recent call first):
       [0] _draw (res://scripts/trace_canvas.gd:50)
MIX exploration frames=7680 peak=0.0801500082016
MIX battle frames=7680 peak=0.04567294940352
PLAYABILITY checks=578 failures=0
